----------------------------------  ----------------
Z mean train                             0.0176805
Z variance train                         0.00272403
KL Divergence                           49.0978
KL Loss                                  4.90978
QF Loss                                  1.70989e+06
VF Loss                                  1.7878
Policy Loss                             -1.31295
Q Predictions Mean                      -0.00234395
Q Predictions Std                        0.000677878
Q Predictions Max                       -0.000827093
Q Predictions Min                       -0.00409393
V Predictions Mean                       0.00860533
V Predictions Std                        0.000225767
V Predictions Max                        0.00905995
V Predictions Min                        0.0079465
Log Pis Mean                            -1.33757
Log Pis Std                              0.294098
Log Pis Max                             -0.536258
Log Pis Min                             -1.83737
Policy mu Mean                           9.93748e-05
Policy mu Std                            0.000999865
Policy mu Max                            0.00127374
Policy mu Min                           -0.00105699
Policy log std Mean                      2.80499e-05
Policy log std Std                       0.000544363
Policy log std Max                       0.000854749
Policy log std Min                      -0.000650671
Z mean eval                              6.09963
Z variance eval                          2.53583e-10
AverageTrainReturn_all_train_tasks  -13026.1
AverageReturn_all_train_tasks       -21800.1
AverageReturn_all_test_tasks        -21733.3
Number of train steps total           2000
Number of env steps total             5018
Number of rollouts total                 0
Train Time (s)                         132.68
(Previous) Eval Time (s)                 0
Sample Time (s)                        262.306
Epoch Time (s)                         394.987
Total Train Time (s)                   487.565
Epoch                                    0
----------------------------------  ----------------
2025-10-05 12:56:33.770506 EDT | [2025_10_05_12_48_26] Iteration #0 | Epoch Duration: 487.5659067630768
2025-10-05 12:56:33.770594 EDT | [2025_10_05_12_48_26] Iteration #0 | Started Training: True
----------------------------------  ----------------
Z mean train                             7.24329
Z variance train                         4.06384e-10
KL Divergence                          736.657
KL Loss                                 73.6656
QF Loss                             853672
VF Loss                              88981.2
Policy Loss                           2102.52
Q Predictions Mean                   -2136.97
Q Predictions Std                     1635.32
Q Predictions Max                    -1088.49
Q Predictions Min                    -7709.61
V Predictions Mean                   -2009.03
V Predictions Std                     1510.2
V Predictions Max                    -1070.01
V Predictions Min                    -6614.27
Log Pis Mean                             3.09401
Log Pis Std                              1.6724
Log Pis Max                              7.92581
Log Pis Min                             -4.24557
Policy mu Mean                           1.11325
Policy mu Std                            1.47126
Policy mu Max                            3.17049
Policy mu Min                           -1.9016
Policy log std Mean                     -0.759138
Policy log std Std                       0.150475
Policy log std Max                      -0.481802
Policy log std Min                      -1.1038
Z mean eval                              0.488116
Z variance eval                          0.000758377
AverageTrainReturn_all_train_tasks  -11719.7
AverageReturn_all_train_tasks       -18965
AverageReturn_all_test_tasks        -12736.1
Number of train steps total           4000
Number of env steps total             9018
Number of rollouts total                 0
Train Time (s)                         113.943
(Previous) Eval Time (s)                92.5791
Sample Time (s)                        207.932
Epoch Time (s)                         414.454
Total Train Time (s)                   897.445
Epoch                                    1
----------------------------------  ----------------
2025-10-05 13:03:23.652182 EDT | [2025_10_05_12_48_26] Iteration #1 | Epoch Duration: 409.88151121139526
2025-10-05 13:03:23.652336 EDT | [2025_10_05_12_48_26] Iteration #1 | Started Training: True
----------------------------------  ----------------
Z mean train                             0.485953
Z variance train                         0.00118912
KL Divergence                           60.4973
KL Loss                                  6.04973
QF Loss                                  1.10186e+06
VF Loss                             163251
Policy Loss                           3064.79
Q Predictions Mean                   -3152.81
Q Predictions Std                     2711.01
Q Predictions Max                       -6.14676
Q Predictions Min                   -16886
V Predictions Mean                   -3092.64
V Predictions Std                     2794.49
V Predictions Max                        4.34402
V Predictions Min                   -17992.6
Log Pis Mean                             2.80691
Log Pis Std                              1.84208
Log Pis Max                              7.64407
Log Pis Min                             -4.62198
Policy mu Mean                           1.18595
Policy mu Std                            1.35875
Policy mu Max                            3.36465
Policy mu Min                           -2.57954
Policy log std Mean                     -0.743441
Policy log std Std                       0.650696
Policy log std Max                       0.249688
Policy log std Min                      -2.3546
Z mean eval                              1.19891
Z variance eval                          0.00380551
AverageTrainReturn_all_train_tasks  -15090.5
AverageReturn_all_train_tasks       -16915.2
AverageReturn_all_test_tasks         -4831.18
Number of train steps total           6000
Number of env steps total            13165
Number of rollouts total                 0
Train Time (s)                         118.267
(Previous) Eval Time (s)                88.0065
Sample Time (s)                        214.878
Epoch Time (s)                         421.152
Total Train Time (s)                  1314.82
Epoch                                    2
----------------------------------  ----------------
2025-10-05 13:10:21.024778 EDT | [2025_10_05_12_48_26] Iteration #2 | Epoch Duration: 417.37229657173157
2025-10-05 13:10:21.024936 EDT | [2025_10_05_12_48_26] Iteration #2 | Started Training: True
----------------------------------  ----------------
Z mean train                             0.285811
Z variance train                         0.00230421
KL Divergence                           53.3631
KL Loss                                  5.33631
QF Loss                                  1.49599e+06
VF Loss                             372053
Policy Loss                           7382.32
Q Predictions Mean                   -7384.47
Q Predictions Std                     6451.33
Q Predictions Max                     -200.443
Q Predictions Min                   -38731.8
V Predictions Mean                   -7185.78
V Predictions Std                     6234.04
V Predictions Max                      -73.3576
V Predictions Min                   -39802.1
Log Pis Mean                             4.67861
Log Pis Std                              2.6251
Log Pis Max                             10.7082
Log Pis Min                             -5.53123
Policy mu Mean                           1.66946
Policy mu Std                            1.56529
Policy mu Max                            3.60147
Policy mu Min                           -3.51135
Policy log std Mean                     -0.875079
Policy log std Std                       0.452319
Policy log std Max                      -0.0137651
Policy log std Min                      -2.08687
Z mean eval                              1.97068
Z variance eval                          0.00309519
AverageTrainReturn_all_train_tasks  -10530
AverageReturn_all_train_tasks       -11286
AverageReturn_all_test_tasks         -8557.24
Number of train steps total           8000
Number of env steps total            17369
Number of rollouts total                 0
Train Time (s)                         123.786
(Previous) Eval Time (s)                84.2272
Sample Time (s)                        216.587
Epoch Time (s)                         424.6
Total Train Time (s)                  1735.95
Epoch                                    3
----------------------------------  ----------------
2025-10-05 13:17:22.154801 EDT | [2025_10_05_12_48_26] Iteration #3 | Epoch Duration: 421.1297137737274
2025-10-05 13:17:22.154953 EDT | [2025_10_05_12_48_26] Iteration #3 | Started Training: True
----------------------------------  ----------------
Z mean train                             0.196074
Z variance train                         0.00233734
KL Divergence                           74.9971
KL Loss                                  7.49971
QF Loss                                  6.31436e+06
VF Loss                             274450
Policy Loss                           8398.65
Q Predictions Mean                   -8452.63
Q Predictions Std                     7369.58
Q Predictions Max                     -608.903
Q Predictions Min                   -43397.2
V Predictions Mean                   -8502.23
V Predictions Std                     7510.03
V Predictions Max                     -988.914
V Predictions Min                   -44107.9
Log Pis Mean                             4.00907
Log Pis Std                              2.53762
Log Pis Max                             19.2639
Log Pis Min                             -5.93389
Policy mu Mean                           1.05732
Policy mu Std                            1.72652
Policy mu Max                            5.29876
Policy mu Min                           -7.88295
Policy log std Mean                     -0.959716
Policy log std Std                       0.413064
Policy log std Max                       0.603677
Policy log std Min                      -2.13032
Z mean eval                              0.348544
Z variance eval                          0.00157733
AverageTrainReturn_all_train_tasks  -10337.9
AverageReturn_all_train_tasks       -13365.6
AverageReturn_all_test_tasks        -23443.2
Number of train steps total          10000
Number of env steps total            21589
Number of rollouts total                 0
Train Time (s)                         120.27
(Previous) Eval Time (s)                80.7568
Sample Time (s)                        219.407
Epoch Time (s)                         420.434
Total Train Time (s)                  2163.04
Epoch                                    4
----------------------------------  ----------------
2025-10-05 13:24:29.245026 EDT | [2025_10_05_12_48_26] Iteration #4 | Epoch Duration: 427.089959859848
2025-10-05 13:24:29.245174 EDT | [2025_10_05_12_48_26] Iteration #4 | Started Training: True
----------------------------------  ----------------
Z mean train                             0.428348
Z variance train                         0.00242921
KL Divergence                           52.3291
KL Loss                                  5.23291
QF Loss                                  1.73182e+07
VF Loss                             311922
Policy Loss                          13697.8
Q Predictions Mean                  -13922.3
Q Predictions Std                    12819.3
Q Predictions Max                     -272.141
Q Predictions Min                   -58024.6
V Predictions Mean                  -13691
V Predictions Std                    12477.1
V Predictions Max                     -236.604
V Predictions Min                   -65883.1
Log Pis Mean                             6.06739
Log Pis Std                              3.07744
Log Pis Max                             16.1186
Log Pis Min                             -3.64149
Policy mu Mean                           1.21622
Policy mu Std                            2.30618
Policy mu Max                            6.19532
Policy mu Min                           -5.35089
Policy log std Mean                     -1.06147
Policy log std Std                       0.889031
Policy log std Max                       0.421761
Policy log std Min                      -2.99378
Z mean eval                              0.931902
Z variance eval                          0.000714315
AverageTrainReturn_all_train_tasks  -10288.6
AverageReturn_all_train_tasks       -12615.4
AverageReturn_all_test_tasks        -13485.7
Number of train steps total          12000
Number of env steps total            25779
Number of rollouts total                 0
Train Time (s)                         130.718
(Previous) Eval Time (s)                87.4126
Sample Time (s)                        217.463
Epoch Time (s)                         435.594
Total Train Time (s)                  2595.82
Epoch                                    5
----------------------------------  ----------------
2025-10-05 13:31:42.033316 EDT | [2025_10_05_12_48_26] Iteration #5 | Epoch Duration: 432.78801131248474
2025-10-05 13:31:42.033404 EDT | [2025_10_05_12_48_26] Iteration #5 | Started Training: True
----------------------------------  ----------------
Z mean train                             0.386273
Z variance train                         0.00296401
KL Divergence                           50.2481
KL Loss                                  5.02481
QF Loss                                  2.39678e+06
VF Loss                             379850
Policy Loss                          13219.8
Q Predictions Mean                  -13347.6
Q Predictions Std                    12831.1
Q Predictions Max                     -217.084
Q Predictions Min                   -54640.1
V Predictions Mean                  -13594.8
V Predictions Std                    13014.7
V Predictions Max                     -381.415
V Predictions Min                   -56455.1
Log Pis Mean                             5.59134
Log Pis Std                              2.57039
Log Pis Max                             15.8581
Log Pis Min                             -3.14831
Policy mu Mean                           1.79159
Policy mu Std                            1.45384
Policy mu Max                            5.57634
Policy mu Min                           -4.74462
Policy log std Mean                     -1.38593
Policy log std Std                       0.83647
Policy log std Max                      -0.110491
Policy log std Min                      -2.80419
Z mean eval                              1.43765
Z variance eval                          0.000697975
AverageTrainReturn_all_train_tasks  -10013.7
AverageReturn_all_train_tasks       -13362.6
AverageReturn_all_test_tasks        -27230.9
Number of train steps total          14000
Number of env steps total            29978
Number of rollouts total                 0
Train Time (s)                         118.742
(Previous) Eval Time (s)                84.6066
Sample Time (s)                        218.353
Epoch Time (s)                         421.702
Total Train Time (s)                  3022.77
Epoch                                    6
----------------------------------  ----------------
2025-10-05 13:38:48.980588 EDT | [2025_10_05_12_48_26] Iteration #6 | Epoch Duration: 426.94711422920227
2025-10-05 13:38:48.980677 EDT | [2025_10_05_12_48_26] Iteration #6 | Started Training: True
----------------------------------  ----------------
Z mean train                             1.26412
Z variance train                         0.00111165
KL Divergence                           65.0483
KL Loss                                  6.50483
QF Loss                                  6.95275e+06
VF Loss                             798627
Policy Loss                          15776.8
Q Predictions Mean                  -15897.7
Q Predictions Std                    15413.8
Q Predictions Max                     -281.972
Q Predictions Min                   -72673.3
V Predictions Mean                  -15735.8
V Predictions Std                    15264.6
V Predictions Max                     -244.95
V Predictions Min                   -72479.3
Log Pis Mean                             6.25965
Log Pis Std                              2.63992
Log Pis Max                             17.8435
Log Pis Min                             -1.93008
Policy mu Mean                           1.90917
Policy mu Std                            1.73616
Policy mu Max                            5.17971
Policy mu Min                           -7.45159
Policy log std Mean                     -1.1507
Policy log std Std                       0.710971
Policy log std Max                       0.111033
Policy log std Min                      -3.25687
Z mean eval                              0.541374
Z variance eval                          0.00131224
AverageTrainReturn_all_train_tasks  -10124.1
AverageReturn_all_train_tasks       -13152.7
AverageReturn_all_test_tasks        -11693
Number of train steps total          16000
Number of env steps total            34051
Number of rollouts total                 0
Train Time (s)                         122.654
(Previous) Eval Time (s)                89.8519
Sample Time (s)                        210.9
Epoch Time (s)                         423.406
Total Train Time (s)                  3436.9
Epoch                                    7
----------------------------------  ----------------
2025-10-05 13:45:43.113033 EDT | [2025_10_05_12_48_26] Iteration #7 | Epoch Duration: 414.1322720050812
2025-10-05 13:45:43.113180 EDT | [2025_10_05_12_48_26] Iteration #7 | Started Training: True
----------------------------------  ----------------
Z mean train                             0.497915
Z variance train                         0.00327036
KL Divergence                           56.1508
KL Loss                                  5.61508
QF Loss                                  1.46902e+07
VF Loss                             306242
Policy Loss                          17158.2
Q Predictions Mean                  -17227
Q Predictions Std                    14587.9
Q Predictions Max                     -263.64
Q Predictions Min                   -70997.9
V Predictions Mean                  -17284
V Predictions Std                    14701.2
V Predictions Max                     -200.332
V Predictions Min                   -71177.8
Log Pis Mean                             7.19163
Log Pis Std                              2.93736
Log Pis Max                             17.8169
Log Pis Min                             -4.57897
Policy mu Mean                           1.93382
Policy mu Std                            2.0424
Policy mu Max                            6.53263
Policy mu Min                           -9.53292
Policy log std Mean                     -1.19178
Policy log std Std                       0.784009
Policy log std Max                       0.534546
Policy log std Min                      -3.37207
Z mean eval                              0.229247
Z variance eval                          0.00152096
AverageTrainReturn_all_train_tasks  -11103.3
AverageReturn_all_train_tasks       -13944.8
AverageReturn_all_test_tasks        -20240.5
Number of train steps total          18000
Number of env steps total            38051
Number of rollouts total                 0
Train Time (s)                         122.596
(Previous) Eval Time (s)                80.5777
Sample Time (s)                        206.932
Epoch Time (s)                         410.106
Total Train Time (s)                  3852.94
Epoch                                    8
----------------------------------  ----------------
2025-10-05 13:52:39.155442 EDT | [2025_10_05_12_48_26] Iteration #8 | Epoch Duration: 416.04213666915894
2025-10-05 13:52:39.155599 EDT | [2025_10_05_12_48_26] Iteration #8 | Started Training: True
----------------------------------  ----------------
Z mean train                             0.56647
Z variance train                         0.0020633
KL Divergence                           60.4231
KL Loss                                  6.04231
QF Loss                                  5.15868e+06
VF Loss                             330586
Policy Loss                          18004.7
Q Predictions Mean                  -18135.4
Q Predictions Std                    16603.9
Q Predictions Max                     -320.835
Q Predictions Min                   -76692.4
V Predictions Mean                  -18016
V Predictions Std                    16598.7
V Predictions Max                      128.899
V Predictions Min                   -80322.4
Log Pis Mean                             7.17233
Log Pis Std                              2.936
Log Pis Max                             19.3271
Log Pis Min                             -2.07059
Policy mu Mean                           2.01075
Policy mu Std                            2.04375
Policy mu Max                            6.81102
Policy mu Min                          -12.9516
Policy log std Mean                     -1.09188
Policy log std Std                       0.855196
Policy log std Max                       2
Policy log std Min                      -3.63213
Z mean eval                              0.251364
Z variance eval                          0.00165168
AverageTrainReturn_all_train_tasks  -12043.7
AverageReturn_all_train_tasks       -13814.1
AverageReturn_all_test_tasks        -15052.8
Number of train steps total          20000
Number of env steps total            42205
Number of rollouts total                 0
Train Time (s)                         120.348
(Previous) Eval Time (s)                86.514
Sample Time (s)                        215.168
Epoch Time (s)                         422.03
Total Train Time (s)                  4272.02
Epoch                                    9
----------------------------------  ----------------
2025-10-05 13:59:38.227341 EDT | [2025_10_05_12_48_26] Iteration #9 | Epoch Duration: 419.0716254711151
2025-10-05 13:59:38.227416 EDT | [2025_10_05_12_48_26] Iteration #9 | Started Training: True
----------------------------------  ----------------
Z mean train                             0.624833
Z variance train                         0.00169301
KL Divergence                           68.2464
KL Loss                                  6.82464
QF Loss                                  5.50256e+06
VF Loss                             616994
Policy Loss                          16459.5
Q Predictions Mean                  -16493.7
Q Predictions Std                    16772.2
Q Predictions Max                     -315.101
Q Predictions Min                   -79439.6
V Predictions Mean                  -16149.4
V Predictions Std                    16630.5
V Predictions Max                      833.568
V Predictions Min                   -80139
Log Pis Mean                             7.10262
Log Pis Std                              2.70655
Log Pis Max                             16.9022
Log Pis Min                             -2.34429
Policy mu Mean                           1.8867
Policy mu Std                            2.09068
Policy mu Max                            7.83833
Policy mu Min                           -8.73094
Policy log std Mean                     -1.11705
Policy log std Std                       0.855505
Policy log std Max                       0.902627
Policy log std Min                      -3.31691
Z mean eval                              0.313511
Z variance eval                          0.00130996
AverageTrainReturn_all_train_tasks  -15110.2
AverageReturn_all_train_tasks       -13221.8
AverageReturn_all_test_tasks        -18631
Number of train steps total          22000
Number of env steps total            46206
Number of rollouts total                 0
Train Time (s)                         122.543
(Previous) Eval Time (s)                83.5557
Sample Time (s)                        207.028
Epoch Time (s)                         413.126
Total Train Time (s)                  4689.28
Epoch                                   10
----------------------------------  ----------------
2025-10-05 14:06:35.493567 EDT | [2025_10_05_12_48_26] Iteration #10 | Epoch Duration: 417.2660837173462
2025-10-05 14:06:35.493725 EDT | [2025_10_05_12_48_26] Iteration #10 | Started Training: True
----------------------------------  ----------------
Z mean train                             0.597744
Z variance train                         0.0018237
KL Divergence                           59.2196
KL Loss                                  5.92196
QF Loss                                  5.36246e+06
VF Loss                             472326
Policy Loss                          21974.7
Q Predictions Mean                  -21811.5
Q Predictions Std                    20068.1
Q Predictions Max                     -282.262
Q Predictions Min                   -76790.7
V Predictions Mean                  -21858
V Predictions Std                    20018.1
V Predictions Max                      511.581
V Predictions Min                   -76720.9
Log Pis Mean                             7.71787
Log Pis Std                              3.07425
Log Pis Max                             21.7991
Log Pis Min                             -6.16774
Policy mu Mean                           2.12256
Policy mu Std                            2.18857
Policy mu Max                            6.56348
Policy mu Min                          -17.3806
Policy log std Mean                     -1.05459
Policy log std Std                       0.763132
Policy log std Max                       0.618966
Policy log std Min                      -3.36734
Z mean eval                              0.429037
Z variance eval                          0.00128555
AverageTrainReturn_all_train_tasks  -15100.6
AverageReturn_all_train_tasks       -13844.2
AverageReturn_all_test_tasks        -27990.6
Number of train steps total          24000
Number of env steps total            50209
Number of rollouts total                 0
Train Time (s)                         113.992
(Previous) Eval Time (s)                87.6956
Sample Time (s)                        207.402
Epoch Time (s)                         409.09
Total Train Time (s)                  5098.8
Epoch                                   11
----------------------------------  ----------------
2025-10-05 14:13:25.007965 EDT | [2025_10_05_12_48_26] Iteration #11 | Epoch Duration: 409.514107465744
2025-10-05 14:13:25.008047 EDT | [2025_10_05_12_48_26] Iteration #11 | Started Training: True
----------------------------------  ----------------
Z mean train                             0.630216
Z variance train                         0.00176124
KL Divergence                           63.8837
KL Loss                                  6.38837
QF Loss                                  6.90439e+06
VF Loss                             485939
Policy Loss                          22081.1
Q Predictions Mean                  -21930.1
Q Predictions Std                    21657.8
Q Predictions Max                     -150.414
Q Predictions Min                   -80913.5
V Predictions Mean                  -21925
V Predictions Std                    21689.3
V Predictions Max                      618.5
V Predictions Min                   -81084
Log Pis Mean                             7.7908
Log Pis Std                              3.17096
Log Pis Max                             20.9964
Log Pis Min                             -2.30943
Policy mu Mean                           2.11043
Policy mu Std                            2.18411
Policy mu Max                            8.32658
Policy mu Min                          -13.5689
Policy log std Mean                     -1.15654
Policy log std Std                       0.908576
Policy log std Max                       0.845451
Policy log std Min                      -3.78398
Z mean eval                              0.550805
Z variance eval                          0.00140457
AverageTrainReturn_all_train_tasks  -15090.7
AverageReturn_all_train_tasks       -13859.2
AverageReturn_all_test_tasks        -11739.4
Number of train steps total          26000
Number of env steps total            54210
Number of rollouts total                 0
Train Time (s)                         122.465
(Previous) Eval Time (s)                88.1192
Sample Time (s)                        207.389
Epoch Time (s)                         417.972
Total Train Time (s)                  5511.43
Epoch                                   12
----------------------------------  ----------------
2025-10-05 14:20:17.643843 EDT | [2025_10_05_12_48_26] Iteration #12 | Epoch Duration: 412.63573026657104
2025-10-05 14:20:17.643931 EDT | [2025_10_05_12_48_26] Iteration #12 | Started Training: True
----------------------------------  ----------------
Z mean train                             0.616958
Z variance train                         0.00157043
KL Divergence                           70.2827
KL Loss                                  7.02827
QF Loss                                  8.05455e+06
VF Loss                             608255
Policy Loss                          19541.7
Q Predictions Mean                  -19686.9
Q Predictions Std                    20850.9
Q Predictions Max                     -199.875
Q Predictions Min                   -87929.3
V Predictions Mean                  -19852.9
V Predictions Std                    20899.1
V Predictions Max                      594.794
V Predictions Min                   -88495.1
Log Pis Mean                             7.50978
Log Pis Std                              3.22446
Log Pis Max                             21.2501
Log Pis Min                             -0.820921
Policy mu Mean                           1.7243
Policy mu Std                            2.36627
Policy mu Max                            8.84844
Policy mu Min                          -12.9189
Policy log std Mean                     -1.22616
Policy log std Std                       0.886521
Policy log std Max                       0.831796
Policy log std Min                      -3.64773
Z mean eval                              0.223136
Z variance eval                          0.00106174
AverageTrainReturn_all_train_tasks  -14563.2
AverageReturn_all_train_tasks       -21706.5
AverageReturn_all_test_tasks        -12549.6
Number of train steps total          28000
Number of env steps total            58211
Number of rollouts total                 0
Train Time (s)                         120.686
(Previous) Eval Time (s)                82.7824
Sample Time (s)                        206.625
Epoch Time (s)                         410.094
Total Train Time (s)                  5924.43
Epoch                                   13
----------------------------------  ----------------
2025-10-05 14:27:10.642311 EDT | [2025_10_05_12_48_26] Iteration #13 | Epoch Duration: 412.9983141422272
2025-10-05 14:27:10.642405 EDT | [2025_10_05_12_48_26] Iteration #13 | Started Training: True
----------------------------------  ----------------
Z mean train                             0.667987
Z variance train                         0.0013941
KL Divergence                           76.6584
KL Loss                                  7.66584
QF Loss                                  1.82983e+07
VF Loss                             735244
Policy Loss                          21631.3
Q Predictions Mean                  -21705.9
Q Predictions Std                    22760.8
Q Predictions Max                     -202.793
Q Predictions Min                   -93030.6
V Predictions Mean                  -21631.2
V Predictions Std                    22666.8
V Predictions Max                      503.971
V Predictions Min                   -92137.6
Log Pis Mean                             7.25944
Log Pis Std                              2.96451
Log Pis Max                             24.1616
Log Pis Min                             -3.56496
Policy mu Mean                           1.62262
Policy mu Std                            2.39927
Policy mu Max                            7.67247
Policy mu Min                          -15.8092
Policy log std Mean                     -1.16322
Policy log std Std                       0.896953
Policy log std Max                       0.900426
Policy log std Min                      -3.34401
Z mean eval                              0.497775
Z variance eval                          0.000931508
AverageTrainReturn_all_train_tasks  -14498.3
AverageReturn_all_train_tasks       -21481
AverageReturn_all_test_tasks        -25105.2
Number of train steps total          30000
Number of env steps total            62211
Number of rollouts total                 0
Train Time (s)                         121.466
(Previous) Eval Time (s)                85.6868
Sample Time (s)                        205.476
Epoch Time (s)                         412.629
Total Train Time (s)                  6343.45
Epoch                                   14
----------------------------------  ----------------
2025-10-05 14:34:09.665435 EDT | [2025_10_05_12_48_26] Iteration #14 | Epoch Duration: 419.02296018600464
2025-10-05 14:34:09.665523 EDT | [2025_10_05_12_48_26] Iteration #14 | Started Training: True
----------------------------------  ----------------
Z mean train                             0.410613
Z variance train                         0.00153233
KL Divergence                           63.4539
KL Loss                                  6.34539
QF Loss                                  1.69067e+07
VF Loss                             507950
Policy Loss                          26392.4
Q Predictions Mean                  -26247.5
Q Predictions Std                    26725.5
Q Predictions Max                     -298.992
Q Predictions Min                   -96832.4
V Predictions Mean                  -26010.7
V Predictions Std                    26219.3
V Predictions Max                      -14.7084
V Predictions Min                   -95794.3
Log Pis Mean                             7.40147
Log Pis Std                              3.39953
Log Pis Max                             23.7793
Log Pis Min                             -2.82661
Policy mu Mean                           1.72458
Policy mu Std                            2.37259
Policy mu Max                           10.8618
Policy mu Min                          -13.3179
Policy log std Mean                     -1.27172
Policy log std Std                       0.844137
Policy log std Max                       0.424673
Policy log std Min                      -3.54533
Z mean eval                              0.421999
Z variance eval                          0.00115397
AverageTrainReturn_all_train_tasks  -15107.7
AverageReturn_all_train_tasks       -19861.1
AverageReturn_all_test_tasks        -18195.2
Number of train steps total          32000
Number of env steps total            66211
Number of rollouts total                 0
Train Time (s)                         136.045
(Previous) Eval Time (s)                92.0806
Sample Time (s)                        208.875
Epoch Time (s)                         437.001
Total Train Time (s)                  6777.76
Epoch                                   15
----------------------------------  ----------------
2025-10-05 14:41:23.971514 EDT | [2025_10_05_12_48_26] Iteration #15 | Epoch Duration: 434.30591225624084
2025-10-05 14:41:23.971666 EDT | [2025_10_05_12_48_26] Iteration #15 | Started Training: True
----------------------------------  ----------------
Z mean train                             0.492784
Z variance train                         0.00125844
KL Divergence                           62.4669
KL Loss                                  6.24669
QF Loss                                  5.35537e+07
VF Loss                             715336
Policy Loss                          27833
Q Predictions Mean                  -27832.5
Q Predictions Std                    26735.9
Q Predictions Max                     -641.726
Q Predictions Min                   -98122.5
V Predictions Mean                  -27899.4
V Predictions Std                    26261.8
V Predictions Max                     -276.762
V Predictions Min                   -96646
Log Pis Mean                             7.90837
Log Pis Std                              3.27111
Log Pis Max                             22.6123
Log Pis Min                             -7.96738
Policy mu Mean                           1.12665
Policy mu Std                            2.89711
Policy mu Max                           11.9639
Policy mu Min                          -17.2433
Policy log std Mean                     -1.36155
Policy log std Std                       1.08662
Policy log std Max                       1.95795
Policy log std Min                      -3.93552
Z mean eval                              0.233436
Z variance eval                          0.00128881
AverageTrainReturn_all_train_tasks  -12697.4
AverageReturn_all_train_tasks       -18523.9
AverageReturn_all_test_tasks         -6794.94
Number of train steps total          34000
Number of env steps total            70211
Number of rollouts total                 0
Train Time (s)                         130.752
(Previous) Eval Time (s)                89.3854
Sample Time (s)                        209.18
Epoch Time (s)                         429.317
Total Train Time (s)                  7203.77
Epoch                                   16
----------------------------------  ----------------
2025-10-05 14:48:29.984138 EDT | [2025_10_05_12_48_26] Iteration #16 | Epoch Duration: 426.0123465061188
2025-10-05 14:48:29.984223 EDT | [2025_10_05_12_48_26] Iteration #16 | Started Training: True
----------------------------------  ----------------
Z mean train                             0.227983
Z variance train                         0.00181799
KL Divergence                           55.8236
KL Loss                                  5.58236
QF Loss                                  3.21399e+07
VF Loss                                  1.07882e+06
Policy Loss                          25968.8
Q Predictions Mean                  -25928
Q Predictions Std                    25549.8
Q Predictions Max                      511.142
Q Predictions Min                   -96375.9
V Predictions Mean                  -25682.9
V Predictions Std                    25486.4
V Predictions Max                       96.9637
V Predictions Min                   -96106.7
Log Pis Mean                             7.78984
Log Pis Std                              2.92094
Log Pis Max                             23.0965
Log Pis Min                             -1.88156
Policy mu Mean                           1.19101
Policy mu Std                            2.80135
Policy mu Max                           10.2141
Policy mu Min                          -17.0843
Policy log std Mean                     -1.29403
Policy log std Std                       0.975438
Policy log std Max                       0.799404
Policy log std Min                      -3.59896
Z mean eval                              0.22671
Z variance eval                          0.00105829
AverageTrainReturn_all_train_tasks  -10668.9
AverageReturn_all_train_tasks       -14807
AverageReturn_all_test_tasks        -18112.9
Number of train steps total          36000
Number of env steps total            74213
Number of rollouts total                 0
Train Time (s)                         119.993
(Previous) Eval Time (s)                86.0806
Sample Time (s)                        206.951
Epoch Time (s)                         413.025
Total Train Time (s)                  7620.95
Epoch                                   17
----------------------------------  ----------------
2025-10-05 14:55:27.162449 EDT | [2025_10_05_12_48_26] Iteration #17 | Epoch Duration: 417.17816185951233
2025-10-05 14:55:27.162531 EDT | [2025_10_05_12_48_26] Iteration #17 | Started Training: True
----------------------------------  ----------------
Z mean train                             0.414409
Z variance train                         0.00145467
KL Divergence                           60.5212
KL Loss                                  6.05212
QF Loss                                  3.06996e+07
VF Loss                             710710
Policy Loss                          30873.6
Q Predictions Mean                  -30900.8
Q Predictions Std                    29020.3
Q Predictions Max                      370.307
Q Predictions Min                   -99133.6
V Predictions Mean                  -31029
V Predictions Std                    28691.3
V Predictions Max                     -220.609
V Predictions Min                   -97368.5
Log Pis Mean                             7.60261
Log Pis Std                              3.60878
Log Pis Max                             23.2933
Log Pis Min                             -4.09135
Policy mu Mean                           1.03193
Policy mu Std                            3.0401
Policy mu Max                           16.5922
Policy mu Min                          -20.4755
Policy log std Mean                     -1.25359
Policy log std Std                       0.808254
Policy log std Max                       2
Policy log std Min                      -4.0671
Z mean eval                              0.254139
Z variance eval                          0.00113256
AverageTrainReturn_all_train_tasks  -12123.4
AverageReturn_all_train_tasks       -17369.4
AverageReturn_all_test_tasks        -18473.4
Number of train steps total          38000
Number of env steps total            78289
Number of rollouts total                 0
Train Time (s)                         131.333
(Previous) Eval Time (s)                90.2338
Sample Time (s)                        211.248
Epoch Time (s)                         432.815
Total Train Time (s)                  8052.64
Epoch                                   18
----------------------------------  ----------------
2025-10-05 15:02:38.852044 EDT | [2025_10_05_12_48_26] Iteration #18 | Epoch Duration: 431.68944358825684
2025-10-05 15:02:38.852186 EDT | [2025_10_05_12_48_26] Iteration #18 | Started Training: True
----------------------------------  ----------------
Z mean train                             0.207074
Z variance train                         0.0017697
KL Divergence                           55.0669
KL Loss                                  5.50669
QF Loss                                  5.89534e+07
VF Loss                             451696
Policy Loss                          29278.3
Q Predictions Mean                  -29445.2
Q Predictions Std                    25986.4
Q Predictions Max                      388.385
Q Predictions Min                   -97437.2
V Predictions Mean                  -29580.3
V Predictions Std                    26180.7
V Predictions Max                      502.427
V Predictions Min                   -98764.1
Log Pis Mean                             7.60052
Log Pis Std                              3.15687
Log Pis Max                             21.9073
Log Pis Min                             -0.82056
Policy mu Mean                           0.601578
Policy mu Std                            3.46014
Policy mu Max                           16.026
Policy mu Min                          -25.3915
Policy log std Mean                     -1.34106
Policy log std Std                       1.07513
Policy log std Max                       2
Policy log std Min                      -3.69271
Z mean eval                              0.578232
Z variance eval                          0.00108589
AverageTrainReturn_all_train_tasks  -15290
AverageReturn_all_train_tasks       -12004.1
AverageReturn_all_test_tasks        -11268.7
Number of train steps total          40000
Number of env steps total            82289
Number of rollouts total                 0
Train Time (s)                         113.744
(Previous) Eval Time (s)                89.1085
Sample Time (s)                        206.446
Epoch Time (s)                         409.299
Total Train Time (s)                  8455.84
Epoch                                   19
----------------------------------  ----------------
2025-10-05 15:09:22.055685 EDT | [2025_10_05_12_48_26] Iteration #19 | Epoch Duration: 403.203382730484
2025-10-05 15:09:22.055765 EDT | [2025_10_05_12_48_26] Iteration #19 | Started Training: True
----------------------------------  -----------------
Z mean train                              0.573301
Z variance train                          0.00157593
KL Divergence                            70.7238
KL Loss                                   7.07238
QF Loss                                   4.51294e+07
VF Loss                              305329
Policy Loss                           27960.6
Q Predictions Mean                   -27899.1
Q Predictions Std                     26220.4
Q Predictions Max                       613.285
Q Predictions Min                   -101608
V Predictions Mean                   -28071.3
V Predictions Std                     26159.6
V Predictions Max                      -212.838
V Predictions Min                   -100551
Log Pis Mean                              7.8862
Log Pis Std                               3.94785
Log Pis Max                              25.9416
Log Pis Min                              -1.00836
Policy mu Mean                            0.743432
Policy mu Std                             4.5966
Policy mu Max                            21.8326
Policy mu Min                           -39.7089
Policy log std Mean                      -1.30291
Policy log std Std                        1.14774
Policy log std Max                        2
Policy log std Min                       -3.65427
Z mean eval                               0.62882
Z variance eval                           0.00120971
AverageTrainReturn_all_train_tasks   -15301.2
AverageReturn_all_train_tasks        -19969.9
AverageReturn_all_test_tasks          -8098.81
Number of train steps total           42000
Number of env steps total             86290
Number of rollouts total                  0
Train Time (s)                          121.641
(Previous) Eval Time (s)                 83.0127
Sample Time (s)                         205.91
Epoch Time (s)                          410.564
Total Train Time (s)                   8867.92
Epoch                                    20
----------------------------------  -----------------
2025-10-05 15:16:14.135350 EDT | [2025_10_05_12_48_26] Iteration #20 | Epoch Duration: 412.0795245170593
2025-10-05 15:16:14.135426 EDT | [2025_10_05_12_48_26] Iteration #20 | Started Training: True
----------------------------------  -----------------
Z mean train                              0.644525
Z variance train                          0.00130759
KL Divergence                            76.8757
KL Loss                                   7.68757
QF Loss                                   1.33104e+07
VF Loss                              589113
Policy Loss                           32105.4
Q Predictions Mean                   -32001
Q Predictions Std                     28655.3
Q Predictions Max                       -76.4777
Q Predictions Min                   -103148
V Predictions Mean                   -31827.4
V Predictions Std                     28755.1
V Predictions Max                       -30.4191
V Predictions Min                   -102002
Log Pis Mean                              8.18533
Log Pis Std                               4.55717
Log Pis Max                              25.2357
Log Pis Min                              -2.72608
Policy mu Mean                            0.0478133
Policy mu Std                             5.8102
Policy mu Max                            10.6116
Policy mu Min                           -47.4119
Policy log std Mean                      -1.32129
Policy log std Std                        1.17189
Policy log std Max                        2
Policy log std Min                       -3.9876
Z mean eval                               0.347109
Z variance eval                           0.00106624
AverageTrainReturn_all_train_tasks   -11972.8
AverageReturn_all_train_tasks        -15703.2
AverageReturn_all_test_tasks          -8786.99
Number of train steps total           44000
Number of env steps total             90401
Number of rollouts total                  0
Train Time (s)                          120.556
(Previous) Eval Time (s)                 84.5285
Sample Time (s)                         214.285
Epoch Time (s)                          419.369
Total Train Time (s)                   9287.07
Epoch                                    21
----------------------------------  -----------------
2025-10-05 15:23:13.288915 EDT | [2025_10_05_12_48_26] Iteration #21 | Epoch Duration: 419.15342020988464
2025-10-05 15:23:13.289063 EDT | [2025_10_05_12_48_26] Iteration #21 | Started Training: True
----------------------------------  -----------------
Z mean train                              0.528541
Z variance train                          0.000674518
KL Divergence                            71.8569
KL Loss                                   7.18569
QF Loss                                   4.92615e+07
VF Loss                                   1.19574e+06
Policy Loss                           30722
Q Predictions Mean                   -30675.1
Q Predictions Std                     26629.5
Q Predictions Max                       594.194
Q Predictions Min                   -101624
V Predictions Mean                   -31252.2
V Predictions Std                     27265.4
V Predictions Max                      -432.906
V Predictions Min                   -102764
Log Pis Mean                              9.00397
Log Pis Std                               4.39516
Log Pis Max                              27.0062
Log Pis Min                              -3.08056
Policy mu Mean                           -0.0989259
Policy mu Std                             5.03796
Policy mu Max                            21.5422
Policy mu Min                           -45.2689
Policy log std Mean                      -1.32789
Policy log std Std                        1.10898
Policy log std Max                        2
Policy log std Min                       -3.45551
Z mean eval                               0.411758
Z variance eval                           0.000935195
AverageTrainReturn_all_train_tasks   -10400.8
AverageReturn_all_train_tasks        -16642.5
AverageReturn_all_test_tasks          -5160.05
Number of train steps total           46000
Number of env steps total             94402
Number of rollouts total                  0
Train Time (s)                          135.402
(Previous) Eval Time (s)                 84.3125
Sample Time (s)                         207.819
Epoch Time (s)                          427.534
Total Train Time (s)                   9714.22
Epoch                                    22
----------------------------------  -----------------
2025-10-05 15:30:20.432699 EDT | [2025_10_05_12_48_26] Iteration #22 | Epoch Duration: 427.1435146331787
2025-10-05 15:30:20.432795 EDT | [2025_10_05_12_48_26] Iteration #22 | Started Training: True
----------------------------------  -----------------
Z mean train                              0.322216
Z variance train                          0.000700789
KL Divergence                            70.0728
KL Loss                                   7.00728
QF Loss                                   1.98366e+07
VF Loss                              408503
Policy Loss                           28652.9
Q Predictions Mean                   -28739.8
Q Predictions Std                     25861.5
Q Predictions Max                       750.809
Q Predictions Min                   -104062
V Predictions Mean                   -28498
V Predictions Std                     25738.7
V Predictions Max                      -116.364
V Predictions Min                   -102819
Log Pis Mean                              8.70723
Log Pis Std                               4.58279
Log Pis Max                              25.7726
Log Pis Min                              -1.39112
Policy mu Mean                           -0.370596
Policy mu Std                             5.60801
Policy mu Max                            26.816
Policy mu Min                           -53.1412
Policy log std Mean                      -1.22776
Policy log std Std                        1.09864
Policy log std Max                        2
Policy log std Min                       -4.01914
Z mean eval                               0.587352
Z variance eval                           0.00117851
AverageTrainReturn_all_train_tasks   -15124.1
AverageReturn_all_train_tasks        -16935.7
AverageReturn_all_test_tasks          -9357.77
Number of train steps total           48000
Number of env steps total             98543
Number of rollouts total                  0
Train Time (s)                          121.208
(Previous) Eval Time (s)                 83.9221
Sample Time (s)                         215.914
Epoch Time (s)                          421.044
Total Train Time (s)                  10133.6
Epoch                                    23
----------------------------------  -----------------
2025-10-05 15:37:19.777251 EDT | [2025_10_05_12_48_26] Iteration #23 | Epoch Duration: 419.344379901886
2025-10-05 15:37:19.777411 EDT | [2025_10_05_12_48_26] Iteration #23 | Started Training: True
----------------------------------  -----------------
Z mean train                              0.501159
Z variance train                          0.00130188
KL Divergence                            68.4477
KL Loss                                   6.84477
QF Loss                                   3.3619e+07
VF Loss                                   1.50032e+06
Policy Loss                           28352.5
Q Predictions Mean                   -28554.2
Q Predictions Std                     26500.6
Q Predictions Max                       505.7
Q Predictions Min                   -109342
V Predictions Mean                   -28950.1
V Predictions Std                     26841.4
V Predictions Max                       219.915
V Predictions Min                   -110741
Log Pis Mean                              7.58268
Log Pis Std                               4.71569
Log Pis Max                              25.1243
Log Pis Min                              -6.55575
Policy mu Mean                           -0.441728
Policy mu Std                             5.35884
Policy mu Max                            21.7602
Policy mu Min                           -54.8678
Policy log std Mean                      -1.52062
Policy log std Std                        1.15379
Policy log std Max                        2
Policy log std Min                       -4.47145
Z mean eval                               0.480374
Z variance eval                           0.000990784
AverageTrainReturn_all_train_tasks   -12178.7
AverageReturn_all_train_tasks        -13878
AverageReturn_all_test_tasks         -12895.9
Number of train steps total           50000
Number of env steps total            102544
Number of rollouts total                  0
Train Time (s)                          123.627
(Previous) Eval Time (s)                 82.2219
Sample Time (s)                         207.85
Epoch Time (s)                          413.699
Total Train Time (s)                  10550.7
Epoch                                    24
----------------------------------  -----------------
2025-10-05 15:44:16.918655 EDT | [2025_10_05_12_48_26] Iteration #24 | Epoch Duration: 417.14112734794617
2025-10-05 15:44:16.918752 EDT | [2025_10_05_12_48_26] Iteration #24 | Started Training: True
----------------------------------  -----------------
Z mean train                              0.4587
Z variance train                          0.000788971
KL Divergence                            70.3417
KL Loss                                   7.03417
QF Loss                                   3.80114e+07
VF Loss                              617264
Policy Loss                           32248.9
Q Predictions Mean                   -32325.1
Q Predictions Std                     29549.2
Q Predictions Max                       347.809
Q Predictions Min                   -113210
V Predictions Mean                   -32213.5
V Predictions Std                     29609.8
V Predictions Max                      -500.321
V Predictions Min                   -110222
Log Pis Mean                              7.51338
Log Pis Std                               4.74051
Log Pis Max                              28.8188
Log Pis Min                              -1.73217
Policy mu Mean                           -0.300776
Policy mu Std                             5.06565
Policy mu Max                            46.9371
Policy mu Min                           -43.7637
Policy log std Mean                      -1.65884
Policy log std Std                        1.23374
Policy log std Max                        2
Policy log std Min                       -3.98715
Z mean eval                               0.686987
Z variance eval                           0.00128307
AverageTrainReturn_all_train_tasks   -11488.2
AverageReturn_all_train_tasks        -14396.1
AverageReturn_all_test_tasks          -5794.09
Number of train steps total           52000
Number of env steps total            106646
Number of rollouts total                  0
Train Time (s)                          132.121
(Previous) Eval Time (s)                 85.6636
Sample Time (s)                         212.715
Epoch Time (s)                          430.499
Total Train Time (s)                  10977.6
Epoch                                    25
----------------------------------  -----------------
2025-10-05 15:51:23.841982 EDT | [2025_10_05_12_48_26] Iteration #25 | Epoch Duration: 426.9231345653534
2025-10-05 15:51:23.842130 EDT | [2025_10_05_12_48_26] Iteration #25 | Started Training: True
----------------------------------  -----------------
Z mean train                              0.553876
Z variance train                          0.00102013
KL Divergence                            67.8899
KL Loss                                   6.78899
QF Loss                                   5.99364e+07
VF Loss                                   1.01291e+06
Policy Loss                           32973.1
Q Predictions Mean                   -32962
Q Predictions Std                     29609.5
Q Predictions Max                       492.382
Q Predictions Min                   -125828
V Predictions Mean                   -32455.3
V Predictions Std                     29042.7
V Predictions Max                      -473.868
V Predictions Min                   -125012
Log Pis Mean                              8.36312
Log Pis Std                               4.92609
Log Pis Max                              26.0926
Log Pis Min                              -1.50502
Policy mu Mean                            0.0504163
Policy mu Std                             5.36725
Policy mu Max                            53.7037
Policy mu Min                           -38.3606
Policy log std Mean                      -1.41409
Policy log std Std                        1.17701
Policy log std Max                        2
Policy log std Min                       -4.56103
Z mean eval                               0.725136
Z variance eval                           0.00096535
AverageTrainReturn_all_train_tasks   -12890.1
AverageReturn_all_train_tasks        -15929.9
AverageReturn_all_test_tasks         -20904.4
Number of train steps total           54000
Number of env steps total            110841
Number of rollouts total                  0
Train Time (s)                          116.028
(Previous) Eval Time (s)                 82.0873
Sample Time (s)                         216.079
Epoch Time (s)                          414.195
Total Train Time (s)                  11398.7
Epoch                                    26
----------------------------------  -----------------
2025-10-05 15:58:24.933064 EDT | [2025_10_05_12_48_26] Iteration #26 | Epoch Duration: 421.0908086299896
2025-10-05 15:58:24.933143 EDT | [2025_10_05_12_48_26] Iteration #26 | Started Training: True
